// Jest Snapshot v1, https://goo.gl/fbAQLP

exports[`Missions component snapshot testing 1`] = `
<section
  className="mission-container"
>
  <h2
    className="loading"
  >
    Loading...
  </h2>
</section>
`;
