// Jest Snapshot v1, https://goo.gl/fbAQLP

exports[`Rockets component snapshot testing 1`] = `
<div>
  <div />
</div>
`;
